https://uploads.codesandbox.io/uploads/user/2ed66950-07af-4391-8070-a6aa9e07d14c/_bhw-index.spec.js.snap